###############################################################################
#
# IAR ELF Linker V3.10.1.201 for STM8                     27/Oct/2017  20:43:11
# Copyright 2010-2017 IAR Systems AB.
#
#    Output file  =  C:\WorkspaceIAR\Keypad\Debug\Exe\Keypad.out
#    Map file     =  C:\WorkspaceIAR\Keypad\Debug\List\Keypad.map
#    Command line =  
#        -f C:\Users\rinco\AppData\Local\Temp\EW5861.tmp
#        (C:\WorkspaceIAR\Keypad\Debug\Obj\Extevents.o
#        C:\WorkspaceIAR\Keypad\Debug\Obj\keyboard.o
#        C:\WorkspaceIAR\Keypad\Debug\Obj\main.o --redirect
#        _Printf=_PrintfFullNoMb --redirect _Scanf=_ScanfFullNoMb -o
#        C:\WorkspaceIAR\Keypad\Debug\Exe\Keypad.out --map
#        C:\WorkspaceIAR\Keypad\Debug\List\Keypad.map --config "C:\Program
#        Files (x86)\IAR Systems\Embedded Workbench
#        8.0\stm8\config\lnkstm8s003f3.icf" --config_def _CSTACK_SIZE=0x100
#        --config_def _HEAP_SIZE=0x100 --entry __iar_program_start --debug_lib)
#
###############################################################################

*******************************************************************************
*** RUNTIME MODEL ATTRIBUTES
***

__SystemLibrary            = DLib
__code_model               = small
__core                     = stm8
__data_model               = medium
__dlib_file_descriptor     = 0
__dlib_full_locale_support = 0
__rt_version               = 4


*******************************************************************************
*** PLACEMENT SUMMARY
***

"A0":  place at start of [0x000000-0x0000ff] { rw section .vregs };
"A1":  place at end of [0x000000-0x0003ff] { block CSTACK };
"P2":  place in [from 0x000000 to 0x0003ff] {
          block HEAP, rw section __DLIB_PERTHREAD, rw section .far.bss,
          rw section .far.data, rw section .far.noinit,
          rw section .far_func.textrw, rw section .huge.bss,
          rw section .huge.data, rw section .huge.noinit,
          rw section .huge_func.textrw, rw section .iar.dynexit,
          rw section .near.bss, rw section .near.data, rw section .near.noinit,
          rw section .near_func.textrw };
"A2":  place at start of [0x008000-0x009fff] { block INTVEC };
"P3":  place in [from 0x008000 to 0x009fff] {
          ro section __DLIB_PERTHREAD_init, ro section .far.data_init,
          ro section .far_func.textrw_init, ro section .huge.data_init,
          ro section .huge_func.textrw_init, ro section .iar.init_table,
          ro section .init_array, ro section .near.data_init,
          ro section .near.rodata, ro section .near_func.text,
          ro section .near_func.textrw_init, ro section .tiny.data_init,
          ro section .tiny.rodata_init };
"P4":  place in [from 0x008000 to 0x009fff] {
          ro section .far.rodata, ro section .far_func.text };
"P5":  place in [from 0x008000 to 0x009fff] {
          ro section .huge.rodata, ro section .huge_func.text };
do not initialize {
   rw section .eeprom.noinit, rw section .far.noinit, rw section .huge.noinit,
   rw section .near.noinit, rw section .tiny.noinit, rw section .vregs };

  Section          Kind      Address   Size  Object
  -------          ----      -------   ----  ------
"A0":                                   0xc
  .vregs           uninit   0x000000    0xc  vregs.o [4]
                          - 0x00000c    0xc

"P2":                                   0x3
  .near.bss        zero     0x00000c    0x2  main.o [1]
  .near.bss        zero     0x00000e    0x1  Extevents.o [1]
                          - 0x00000f    0x3

"A1":                                 0x100
  CSTACK                    0x000300  0x100  <Block>
    CSTACK         uninit   0x000300  0x100  <Block tail>
                          - 0x000400  0x100

Absolute sections, part 1 of 4:         0x4
  .near.noinit     uninit   0x005005    0x1  keyboard.o [1]
  .near.noinit     uninit   0x005006    0x1  keyboard.o [1]
  .near.noinit     uninit   0x005007    0x1  keyboard.o [1]
  .near.noinit     uninit   0x005008    0x1  keyboard.o [1]
                          - 0x005009    0x4

Absolute sections, part 2 of 4:         0x5
  .near.noinit     uninit   0x00500a    0x1  keyboard.o [1]
  .near.noinit     uninit   0x00500b    0x1  keyboard.o [1]
  .near.noinit     uninit   0x00500c    0x1  keyboard.o [1]
  .near.noinit     uninit   0x00500d    0x1  keyboard.o [1]
  .near.noinit     uninit   0x00500e    0x1  keyboard.o [1]
                          - 0x00500f    0x5

Absolute sections, part 3 of 4:         0x3
  .near.noinit     uninit   0x005010    0x1  keyboard.o [1]
  .near.noinit     uninit   0x005011    0x1  keyboard.o [1]
  .near.noinit     uninit   0x005012    0x1  keyboard.o [1]
                          - 0x005013    0x3

Absolute sections, part 4 of 4:         0x1
  .near.noinit     uninit   0x0050a0    0x1  keyboard.o [1]
                          - 0x0050a1    0x1

"A2":                                  0x80
  INTVEC                    0x008000   0x80  <Block>
    .intvec        const    0x008000   0x80  interrupt.o [4]
                          - 0x008080   0x80

"P3-P5":                              0x2d8
  .near_func.text  ro code  0x008080  0x14b  keyboard.o [1]
  .near_func.text  ro code  0x0081cb   0x5b  keyboard.o [1]
  .near_func.text  const    0x008226   0x33  keyboard.o [1]
  .iar.init_table  const    0x008259    0x8  - Linker created -
  .near_func.text  ro code  0x008261   0x1e  short.o [4]
  .near_func.text  ro code  0x00827f   0x1e  init_small.o [4]
  .near_func.text  ro code  0x00829d   0x1c  main.o [1]
  .near_func.text  ro code  0x0082b9   0x18  vreg_util.o [4]
  .near_func.text  ro code  0x0082d1   0x14  init.o [4]
  .near_func.text  ro code  0x0082e5   0x14  __dbg_xxexit.o [3]
  .near_func.text  ro code  0x0082f9   0x13  cstartup.o [4]
  .near_func.text  ro code  0x00830c   0x12  keyboard.o [1]
  .near_func.text  ro code  0x00831e    0xc  char.o [4]
  .near_func.text  ro code  0x00832a    0xc  switch.o [4]
  .near_func.text  ro code  0x008336    0xb  keyboard.o [1]
  .near_func.text  ro code  0x008341    0x5  keyboard.o [1]
  .near_func.text  ro code  0x008346    0x5  cexit.o [4]
  .near_func.text  ro code  0x00834b    0x3  interrupt.o [4]
  .near_func.text  ro code  0x00834e    0x3  low_level_init.o [4]
  .near_func.text  ro code  0x008351    0x3  exit.o [4]
  .near_func.text  ro code  0x008354    0x3  unhandled_exception.o [4]
  .near_func.text  ro code  0x008357    0x1  __dbg_break.o [3]
                          - 0x008358  0x2d8


*******************************************************************************
*** INIT TABLE
***

          Address   Size
          -------   ----
Zero (__iar_zero_init2)
    1 destination range, total size 0x3:
          0x00000c   0x3



*******************************************************************************
*** MODULE SUMMARY
***

    Module                 ro code  ro data  rw data  rw data
                                                       (abs)
    ------                 -------  -------  -------  -------
C:\WorkspaceIAR\Keypad\Debug\Obj: [1]
    Extevents.o                                    1
    keyboard.o                 456       51                13
    main.o                      28                 2
    ---------------------------------------------------------
    Total:                     484       51        3       13

command line: [2]
    ---------------------------------------------------------
    Total:

dbgstm8smd.a: [3]
    __dbg_break.o                1
    __dbg_xxexit.o              20
    ---------------------------------------------------------
    Total:                      21

dlstm8smn.a: [4]
    cexit.o                      5
    char.o                      12
    cstartup.o                  19
    exit.o                       3
    init.o                      20
    init_small.o                30
    interrupt.o                  3      128
    low_level_init.o             3
    short.o                     30
    switch.o                    12
    unhandled_exception.o        3
    vreg_util.o                 24
    vregs.o                                       12
    ---------------------------------------------------------
    Total:                     164      128       12

    Linker created                        8      256
-------------------------------------------------------------
    Grand Total:               669      187      271       13


*******************************************************************************
*** ENTRY LIST
***

Entry                    Address   Size  Type      Object
-----                    -------   ----  ----      ------
.iar.init_table$$Base   0x008259          --   Gb  - Linker created -
.iar.init_table$$Limit  0x008261          --   Gb  - Linker created -
?b0                     0x000000         Data  Gb  vregs.o [4]
?b1                     0x000001         Data  Gb  vregs.o [4]
?b10                    0x00000a         Data  Gb  vregs.o [4]
?b11                    0x00000b         Data  Gb  vregs.o [4]
?b2                     0x000002         Data  Gb  vregs.o [4]
?b3                     0x000003         Data  Gb  vregs.o [4]
?b4                     0x000004         Data  Gb  vregs.o [4]
?b5                     0x000005         Data  Gb  vregs.o [4]
?b6                     0x000006         Data  Gb  vregs.o [4]
?b7                     0x000007         Data  Gb  vregs.o [4]
?b8                     0x000008         Data  Gb  vregs.o [4]
?b9                     0x000009         Data  Gb  vregs.o [4]
?e0                     0x000001         Data  Gb  vregs.o [4]
?e1                     0x000005         Data  Gb  vregs.o [4]
?e2                     0x000009         Data  Gb  vregs.o [4]
?l0                     0x000000         Data  Gb  vregs.o [4]
?l1                     0x000004         Data  Gb  vregs.o [4]
?l2                     0x000008         Data  Gb  vregs.o [4]
?mul16_x_x_w0           0x008261         Code  Gb  short.o [4]
?push_w4                0x0082b9         Code  Gb  vreg_util.o [4]
?sll8_a_a_5             0x00831f         Code  Gb  char.o [4]
?sll8_a_a_6             0x00831e         Code  Gb  char.o [4]
?srl8_a_a_5             0x008325         Code  Gb  char.o [4]
?srl8_a_a_6             0x008324         Code  Gb  char.o [4]
?switch8vlt_0x_a_0x     0x00832a         Code  Gb  switch.o [4]
?w0                     0x000000         Data  Gb  vregs.o [4]
?w1                     0x000002         Data  Gb  vregs.o [4]
?w2                     0x000004         Data  Gb  vregs.o [4]
?w3                     0x000006         Data  Gb  vregs.o [4]
?w4                     0x000008         Data  Gb  vregs.o [4]
?w5                     0x00000a         Data  Gb  vregs.o [4]
CSTACK$$Base            0x000300          --   Gb  - Linker created -
CSTACK$$Limit           0x000400          --   Gb  - Linker created -
EXTI_PORTC_IRQHandler   0x008341    0x5  Code  Gb  keyboard.o [1]
INTVEC$$Base            0x008000          --   Gb  - Linker created -
INTVEC$$Limit           0x008080          --   Gb  - Linker created -
KBWaitLong              0x00830c   0x12  Code  Lc  keyboard.o [1]
Keyboard_Init           0x0081cb   0x5b  Code  Gb  keyboard.o [1]
PINWaitShort            0x008336    0xb  Code  Gb  keyboard.o [1]
Region$$Table$$Base     0x008259          --   Gb  - Linker created -
Region$$Table$$Limit    0x008261          --   Gb  - Linker created -
_A_EXTI_CR1             0x0050a0    0x1  Data  Gb  keyboard.o [1]
_A_PB_CR1               0x005008    0x1  Data  Gb  keyboard.o [1]
_A_PB_DDR               0x005007    0x1  Data  Gb  keyboard.o [1]
_A_PB_IDR               0x005006    0x1  Data  Gb  keyboard.o [1]
_A_PB_ODR               0x005005    0x1  Data  Gb  keyboard.o [1]
_A_PC_CR1               0x00500d    0x1  Data  Gb  keyboard.o [1]
_A_PC_CR2               0x00500e    0x1  Data  Gb  keyboard.o [1]
_A_PC_DDR               0x00500c    0x1  Data  Gb  keyboard.o [1]
_A_PC_IDR               0x00500b    0x1  Data  Gb  keyboard.o [1]
_A_PC_ODR               0x00500a    0x1  Data  Gb  keyboard.o [1]
_A_PD_CR1               0x005012    0x1  Data  Gb  keyboard.o [1]
_A_PD_DDR               0x005011    0x1  Data  Gb  keyboard.o [1]
_A_PD_IDR               0x005010    0x1  Data  Gb  keyboard.o [1]
_INT_Extevents          0x00000e    0x1  Data  Gb  Extevents.o [1]
__DebugBreak            0x008357    0x1  Code  Gb  __dbg_break.o [3]
__exit                  0x0082e5   0x14  Code  Gb  __dbg_xxexit.o [3]
__iar_data_init2        0x0082d1   0x14  Code  Gb  init.o [4]
__iar_program_start     0x0082f9         Code  Gb  cstartup.o [4]
__iar_unhandled_exception
                        0x008354         Code  Gb  unhandled_exception.o [4]
__iar_zero_init2        0x00827f         Code  Gb  init_small.o [4]
__intvec                0x008000         Data  Gb  interrupt.o [4]
__low_level_init        0x00834e    0x3  Code  Gb  low_level_init.o [4]
_exit                   0x008346         Code  Gb  cexit.o [4]
_interrupt_7            0x008341         Code  Gb  keyboard.o [1]
exit                    0x008351    0x3  Code  Gb  exit.o [4]
keydecoder              0x008080  0x14b  Code  Gb  keyboard.o [1]
main                    0x00829d   0x1c  Code  Gb  main.o [1]
u8Tecla                 0x00000c    0x2  Data  Gb  main.o [1]


[1] = C:\WorkspaceIAR\Keypad\Debug\Obj
[2] = command line
[3] = dbgstm8smd.a
[4] = dlstm8smn.a

  669 bytes of readonly  code memory
  187 bytes of readonly  data memory
  271 bytes of readwrite data memory (+ 13 absolute)

Errors: none
Warnings: none
